<?xml version="1.0" encoding="ISO-8859-1"?>
<authors>
	<author>
		<username>
			rainwater
		</username>
		<fullname>
			Robert Rainwater
		</fullname>
	</author>
	<author>
		<username>
			justin1014
		</username>
		<fullname>
			Justin Frankel
		</fullname>
	</author>
	<author>
		<username>
			kichik
		</username>
		<fullname>
			Amir Szekely
		</fullname>
	</author>
	<author>
		<username>
			joostverburg
		</username>
		<fullname>
			Joost Verburg
		</fullname>
	</author>
	<author>
		<username>
			eccles
		</username>
		<fullname>
			Dave Laundon
		</fullname>
	</author>
	<author>
		<username>
			sunjammerx
		</username>
		<fullname>
			Ximon Eighteen
		</fullname>
	</author>
	<author>
		<username>
			flizebogen
		</username>
		<fullname>
			Sebastian Armbrust
		</fullname>
	</author>
	<author>
		<username>
			ramon18
		</username>
		<fullname>
			Ramon
		</fullname>
	</author>
	<author>
		<username>
			icemank
		</username>
		<fullname>
			Sunil Kamath
		</fullname>
	</author>
	<author>
		<username>
			oripel
		</username>
		<fullname>
			Ori Peleg
		</fullname>
	</author>
	<author>
		<username>
			ballison
		</username>
		<fullname>
			Ben Allison
		</fullname>
	</author>
	<author>
		<username>
			pabs3
		</username>
		<fullname>
			Paul Wise
		</fullname>
	</author>
</authors>
